// Jest Snapshot v1, https://goo.gl/fbAQLP

exports[`SimpleFormik should snapshot 1`] = `
<div>
  <form
    action="#"
    aria-label="registration form"
  >
    <div>
      <label>
        Username
        <input
          name="username"
          value=""
        />
      </label>
    </div>
    <div>
      <label>
        Password
        <input
          name="password"
          type="password"
          value=""
        />
      </label>
    </div>
    <div>
      <label>
        <input
          name="terms"
          type="checkbox"
          value="false"
        />
        <span>
          I have read the Terms and Conditions
        </span>
      </label>
    </div>
    <button
      type="submit"
    >
      Register
    </button>
    <pre>
      {
  "username": "",
  "password": "",
  "terms": false,
  "submitted": false
}
    </pre>
  </form>
</div>
`;
