// Jest Snapshot v1, https://goo.gl/fbAQLP

exports[`Counter should snapshot 1`] = `
<div>
  Count: 
  0
  <button
    type="button"
  >
    -
  </button>
  <button
    type="button"
  >
    +
  </button>
</div>
`;
