// Jest Snapshot v1, https://goo.gl/fbAQLP

exports[`Accordion should snapshot 1`] = `
<div>
  <div>
    <div>
      <button
        class="button"
        type="button"
      >
        ðŸ”¼
         
        Hello
      </button>
    </div>
    <div>
      <button
        class="button"
        type="button"
      >
        ðŸ”¼
         
        World
      </button>
    </div>
    <div>
      <button
        class="button"
        type="button"
      >
        ðŸ”¼
         
        Accordion
      </button>
    </div>
    <div>
      <button
        class="button"
        type="button"
      >
        ðŸ”¼
         
        Example
      </button>
    </div>
  </div>
</div>
`;

exports[`Accordion when clicking item should snapshot 1`] = `
<div>
  <div>
    <div>
      <button
        class="button"
        type="button"
      >
        ðŸ”½
         
        Hello
      </button>
      <div>
        <p>
          hello content
        </p>
      </div>
    </div>
    <div>
      <button
        class="button"
        type="button"
      >
        ðŸ”¼
         
        World
      </button>
    </div>
    <div>
      <button
        class="button"
        type="button"
      >
        ðŸ”¼
         
        Accordion
      </button>
    </div>
    <div>
      <button
        class="button"
        type="button"
      >
        ðŸ”¼
         
        Example
      </button>
    </div>
  </div>
</div>
`;
