// Jest Snapshot v1, https://goo.gl/fbAQLP

exports[`remarkInjectCodeBlock should inject code blocks "simple" 1`] = `
"# Hello world!

## Heading level 2

\`\`\`tsx
import React from 'react'
import ReactDOM from 'react-dom'

ReactDOM.render(<h1>Hello world!</h1>, document.getElementById('root'))
\`\`\`![](@app/example-packages/example-packages/hello-world/src/index.tsx)
\`\`\`html
<!DOCTYPE html>
<html lang=\\"en\\">
  <head>
    <meta charset=\\"utf-8\\" />
    <meta name=\\"viewport\\" content=\\"width=device-width, initial-scale=1\\" />
    <title>React App</title>
  </head>
  <body>
    <noscript>You need to enable JavaScript to run this app.</noscript>
    <div id=\\"root\\"></div>
  </body>
</html>
\`\`\`![](@app/example-packages/example-packages/simple-clock/public/index.html)
"
`;
