// Jest Snapshot v1, https://goo.gl/fbAQLP

exports[`remarkInject should inject nodes "simple" 1`] = `
"import APP_EXAMPLE_PACKAGES_EXAMPLE_PACKAGES_HELLO_WORLD_SRC_INDEX_TSX_DEFAULT from '@app/example-packages/example-packages/hello-world/src/index.tsx'

# Hello world!

## Heading [level](https://example.com/level)_level_ 2

<!--@app/example-packages/example-packages/hello-world/src/index.tsx-->\`\`\`tsx
import React from 'react'
import ReactDOM from 'react-dom'

ReactDOM.render(<h1>Hello world!</h1>, document.getElementById('root'))

\`\`\`<>{APP_EXAMPLE_PACKAGES_EXAMPLE_PACKAGES_HELLO_WORLD_SRC_INDEX_TSX_DEFAULT}</>![](@app/example-packages/example-packages/hello-world/src/index.tsx)

hello link [injector](https://example.com/injector)_injector_

<!--@app/example-packages/example-packages/static-clock/public/index.html-->\`\`\`html
<!DOCTYPE html>
<html lang=\\"en\\">
  <head>
    <meta charset=\\"utf-8\\" />
    <meta name=\\"viewport\\" content=\\"width=device-width, initial-scale=1\\" />
    <title>React App</title>
  </head>
  <body>
    <noscript>You need to enable JavaScript to run this app.</noscript>
    <div id=\\"root\\"></div>
  </body>
</html>

\`\`\`![](@app/example-packages/example-packages/static-clock/public/index.html)
"
`;
