// Jest Snapshot v1, https://goo.gl/fbAQLP

exports[`Slider should snapshot 1`] = `
<div>
  <label>
    <input
      max="150"
      min="50"
      step="25"
      type="range"
      value="100"
    />
    100
  </label>
</div>
`;
