// Jest Snapshot v1, https://goo.gl/fbAQLP

exports[`remarkInjectLink should inject links "simple" 1`] = `
"# Hello world!

## Heading [level](https://example.com/level)_level_ 2

hello link [injector](https://example.com/injector)_injector_
"
`;
