// Jest Snapshot v1, https://goo.gl/fbAQLP

exports[`Dropdown should snapshot 1`] = `
<div>
  <div
    class="container"
  >
    <button
      class="toggle"
      type="button"
    >
      test
       
      ðŸ”¼
    </button>
  </div>
</div>
`;

exports[`Dropdown when opened should snapshot 1`] = `
<div>
  <div
    class="container"
  >
    <button
      class="toggle"
      type="button"
    >
      test
       
      ðŸ”½
    </button>
    <div
      class="content"
    >
      content
    </div>
  </div>
</div>
`;
