// Jest Snapshot v1, https://goo.gl/fbAQLP

exports[`Counter should snapshot 1`] = `
<div>
  <div>
    <button
      type="button"
    >
      -
    </button>
    <span>
       
      0
       
    </span>
    <button
      type="button"
    >
      +
    </button>
  </div>
</div>
`;
